[debug] [2026-09-14T15:10:08.730Z] ----------------------------------------------------------------------
[debug] [2026-09-14T15:10:08.734Z] Command:       C:\nvm4w\nodejs\node.exe C:\nvm4w\nodejs\node_modules\firebase-tools\lib\bin\firebase.js deploy
[debug] [2026-09-14T15:10:08.734Z] CLI Version:   14.1.0
[debug] [2026-09-14T15:10:08.735Z] Platform:      win32
[debug] [2026-09-14T15:10:08.735Z] Node Version:  v20.19.0
[debug] [2026-09-14T15:10:08.735Z] Time:          Mon Sep 14 2026 12:10:08 GMT-0300 (Horário Padrão de Brasília)
[debug] [2026-09-14T15:10:08.735Z] ----------------------------------------------------------------------
[debug] 
[debug] [2026-09-14T15:10:09.029Z] > command requires scopes: ["email","openid","https://www.googleapis.com/auth/cloudplatformprojects.readonly","https://www.googleapis.com/auth/firebase","https://www.googleapis.com/auth/cloud-platform"]
[debug] [2026-09-14T15:10:09.030Z] > authorizing via signed-in user (igorhlucenaa@gmail.com)
[debug] [2026-09-14T15:10:09.030Z] [iam] checking project pwa-workana for permissions ["cloudfunctions.functions.create","cloudfunctions.functions.delete","cloudfunctions.functions.get","cloudfunctions.functions.list","cloudfunctions.functions.update","cloudfunctions.operations.get","firebase.projects.get","firebasehosting.sites.update"]
[debug] [2026-09-14T15:10:09.033Z] Checked if tokens are valid: true, expires at: 1789400205970
[debug] [2026-09-14T15:10:09.034Z] Checked if tokens are valid: true, expires at: 1789400205970
[debug] [2026-09-14T15:10:09.036Z] >>> [apiv2][query] POST https://cloudresourcemanager.googleapis.com/v1/projects/pwa-workana:testIamPermissions [none]
[debug] [2026-09-14T15:10:09.037Z] >>> [apiv2][(partial)header] POST https://cloudresourcemanager.googleapis.com/v1/projects/pwa-workana:testIamPermissions x-goog-quota-user=projects/pwa-workana
[debug] [2026-09-14T15:10:09.037Z] >>> [apiv2][body] POST https://cloudresourcemanager.googleapis.com/v1/projects/pwa-workana:testIamPermissions {"permissions":["cloudfunctions.functions.create","cloudfunctions.functions.delete","cloudfunctions.functions.get","cloudfunctions.functions.list","cloudfunctions.functions.update","cloudfunctions.operations.get","firebase.projects.get","firebasehosting.sites.update"]}
[debug] [2026-09-14T15:10:10.625Z] <<< [apiv2][status] POST https://cloudresourcemanager.googleapis.com/v1/projects/pwa-workana:testIamPermissions 200
[debug] [2026-09-14T15:10:10.626Z] <<< [apiv2][body] POST https://cloudresourcemanager.googleapis.com/v1/projects/pwa-workana:testIamPermissions {"permissions":["cloudfunctions.functions.create","cloudfunctions.functions.delete","cloudfunctions.functions.get","cloudfunctions.functions.list","cloudfunctions.functions.update","cloudfunctions.operations.get","firebase.projects.get","firebasehosting.sites.update"]}
[debug] [2026-09-14T15:10:10.626Z] Checked if tokens are valid: true, expires at: 1789400205970
[debug] [2026-09-14T15:10:10.626Z] Checked if tokens are valid: true, expires at: 1789400205970
[debug] [2026-09-14T15:10:10.627Z] >>> [apiv2][query] POST https://iam.googleapis.com/v1/projects/pwa-workana/serviceAccounts/pwa-workana@appspot.gserviceaccount.com:testIamPermissions [none]
[debug] [2026-09-14T15:10:10.627Z] >>> [apiv2][body] POST https://iam.googleapis.com/v1/projects/pwa-workana/serviceAccounts/pwa-workana@appspot.gserviceaccount.com:testIamPermissions {"permissions":["iam.serviceAccounts.actAs"]}
[debug] [2026-09-14T15:10:11.752Z] <<< [apiv2][status] POST https://iam.googleapis.com/v1/projects/pwa-workana/serviceAccounts/pwa-workana@appspot.gserviceaccount.com:testIamPermissions 200
[debug] [2026-09-14T15:10:11.752Z] <<< [apiv2][body] POST https://iam.googleapis.com/v1/projects/pwa-workana/serviceAccounts/pwa-workana@appspot.gserviceaccount.com:testIamPermissions {"permissions":["iam.serviceAccounts.actAs"]}
[debug] [2026-09-14T15:10:11.753Z] Checked if tokens are valid: true, expires at: 1789400205970
[debug] [2026-09-14T15:10:11.753Z] Checked if tokens are valid: true, expires at: 1789400205970
[debug] [2026-09-14T15:10:11.753Z] >>> [apiv2][query] GET https://firebase.googleapis.com/v1beta1/projects/pwa-workana [none]
[debug] [2026-09-14T15:10:12.356Z] <<< [apiv2][status] GET https://firebase.googleapis.com/v1beta1/projects/pwa-workana 200
[debug] [2026-09-14T15:10:12.356Z] <<< [apiv2][body] GET https://firebase.googleapis.com/v1beta1/projects/pwa-workana {"projectId":"pwa-workana","projectNumber":"166389194595","displayName":"ECKDEV","name":"projects/pwa-workana","resources":{"hostingSite":"pwa-workana","realtimeDatabaseInstance":"pwa-workana"},"state":"ACTIVE","labels":{"firebase":"enabled","firebase/storage-default-bucket":"created"},"etag":"1_1540c6df-1df7-414f-9e57-aa66b1edfb27"}
[info] 
[info] === Deploying to 'pwa-workana'...
[info] 
[info] i  deploying functions, hosting 
[info] Running command: npm --prefix "$RESOURCE_DIR" run build
